../Core/Src/main.c:97:6:write8	32	static
../Core/Src/main.c:106:9:read8	32	static
../Core/Src/main.c:116:10:read16	32	static
../Core/Src/main.c:129:6:enable	8	static
../Core/Src/main.c:137:6:disable	16	static
../Core/Src/main.c:145:6:setIntegrationTime	16	static
../Core/Src/main.c:151:6:setGain	16	static
../Core/Src/main.c:157:6:tcs3272_init	16	static
../Core/Src/main.c:173:6:getRawData	24	static
../Core/Src/main.c:186:6:getRGB	40	static
../Core/Src/main.c:232:5:main	8	static
../Core/Src/main.c:294:6:SystemClock_Config	88	static
../Core/Src/main.c:344:6:Error_Handler	4	static,ignoring_inline_asm
